# Creator : Routino - http://www.routino.org/
# Source : Routino test cases - (c) Andrew M. Bishop
# License : GNU Affero General Public License v3 or later
#
#Latitude	Longitude	    Node	Type	Segment	Segment	Total	Total  	Speed	Bearing	Highway
#        	         	        	    	Dist   	Durat'n	Dist 	Durat'n	     	       	       
 -0.217245	  -0.519637	       2*	Waypt	0.000	 0.00	 0.00	  0.0			
 -0.215919	  -0.519064	       3 	Inter	0.160	 0.20	 0.16	  0.2	 48	  23	Local road
 -0.216435	  -0.518515	       4 	Inter	0.083	 0.10	 0.24	  0.3	 48	 133	Local road
 -0.215866	  -0.517931	       5 	Waypt	0.090	 0.11	 0.33	  0.4	 48	  45	Local road
